// Jest Snapshot v1, https://goo.gl/fbAQLP

exports[`products 1`] = `
Object {
  "data": Object {
    "products": Array [
      Object {
        "__typename": "Product",
        "_id": "57855061982d822a04b760a3",
        "maxHeight": 40,
        "maxWidth": 50,
        "minHeight": 20,
        "minWidth": 20,
        "name": "Awning",
        "premium": Object {
          "cost": 25,
          "oversizeLimit": 12,
        },
        "sizeCost": Object {
          "10": 450,
          "11": 470,
          "12": 480,
          "18": 0,
          "2": 370,
          "3": 370,
          "4": 370,
          "5": 375,
          "6": 380,
          "7": 400,
          "8": 415,
          "9": 430,
        },
      },
      Object {
        "__typename": "Product",
        "_id": "57855061982d822a04b760a1",
        "maxHeight": 60,
        "maxWidth": 36,
        "minHeight": 20,
        "minWidth": 16,
        "name": "Casement Left",
        "premium": Object {
          "cost": 25,
          "oversizeLimit": 12,
        },
        "sizeCost": Object {
          "10": 430,
          "11": 445,
          "12": 450,
          "18": 0,
          "2": 340,
          "3": 340,
          "4": 340,
          "5": 350,
          "6": 360,
          "7": 375,
          "8": 395,
          "9": 405,
        },
      },
      Object {
        "__typename": "Product",
        "_id": "57855061982d822a04b760a7",
        "maxHeight": 60,
        "maxWidth": 36,
        "minHeight": 20,
        "minWidth": 16,
        "name": "Casement Right",
        "premium": Object {
          "cost": 25,
          "oversizeLimit": 12,
        },
        "sizeCost": Object {
          "10": 430,
          "11": 445,
          "12": 450,
          "18": 0,
          "2": 340,
          "3": 340,
          "4": 340,
          "5": 350,
          "6": 360,
          "7": 375,
          "8": 395,
          "9": 405,
        },
      },
      Object {
        "__typename": "Product",
        "_id": "57855061982d822a04b760a8",
        "maxHeight": 72,
        "maxWidth": 36,
        "minHeight": 20,
        "minWidth": 16,
        "name": "Casements (L & R)",
        "premium": Object {
          "cost": 25,
          "oversizeLimit": 12,
        },
        "sizeCost": Object {
          "10": 430,
          "11": 445,
          "12": 450,
          "18": 0,
          "2": 340,
          "3": 340,
          "4": 340,
          "5": 350,
          "6": 360,
          "7": 375,
          "8": 395,
          "9": 405,
        },
      },
      Object {
        "__typename": "Product",
        "_id": "57855061982d822a04b760a2",
        "maxHeight": 80,
        "maxWidth": 48,
        "minHeight": 26,
        "minWidth": 12,
        "name": "Double Hung",
        "premium": Object {
          "cost": 25,
          "oversizeLimit": 12,
        },
        "sizeCost": Object {
          "10": 380,
          "11": 390,
          "12": 395,
          "18": 0,
          "2": 305,
          "3": 305,
          "4": 305,
          "5": 315,
          "6": 320,
          "7": 335,
          "8": 350,
          "9": 360,
        },
      },
      Object {
        "__typename": "Product",
        "_id": "57855061982d822a04b760a4",
        "maxHeight": 80,
        "maxWidth": 86,
        "minHeight": 15,
        "minWidth": 14,
        "name": "Fixed",
        "premium": Object {
          "cost": 25,
          "oversizeLimit": 12,
        },
        "sizeCost": Object {
          "10": 295,
          "11": 315,
          "12": 320,
          "18": 0,
          "2": 220,
          "3": 220,
          "4": 220,
          "5": 225,
          "6": 235,
          "7": 255,
          "8": 270,
          "9": 280,
        },
      },
      Object {
        "__typename": "Product",
        "_id": "57855061982d822a04b760a5",
        "maxHeight": 50,
        "maxWidth": 78,
        "minHeight": 12,
        "minWidth": 20,
        "name": "French Slider Tilt",
        "premium": Object {
          "cost": 25,
          "oversizeLimit": 12,
        },
        "sizeCost": Object {
          "10": 360,
          "11": 375,
          "12": 375,
          "18": 0,
          "2": 250,
          "3": 250,
          "4": 250,
          "5": 255,
          "6": 265,
          "7": 315,
          "8": 330,
          "9": 350,
        },
      },
      Object {
        "__typename": "Product",
        "_id": "57855061982d822a04b760a6",
        "maxHeight": 44,
        "maxWidth": 98,
        "minHeight": 16,
        "minWidth": 65,
        "name": "Tri-Slider",
        "premium": Object {
          "cost": 50,
          "oversizeLimit": 18,
        },
        "sizeCost": Object {
          "10": 0,
          "11": 0,
          "12": 0,
          "18": 530,
          "2": 0,
          "3": 0,
          "4": 0,
          "5": 0,
          "6": 0,
          "7": 0,
          "8": 0,
          "9": 0,
        },
      },
    ],
  },
  "errors": undefined,
  "extensions": undefined,
  "http": Object {
    "headers": Headers {
      Symbol(map): Object {},
    },
  },
}
`;
