// Jest Snapshot v1, https://goo.gl/fbAQLP

exports[`jobSheetWindow 1`] = `
Object {
  "data": Object {
    "jobSheetWindow": Object {
      "_id": "5b1847242aac0405487ebfea",
      "costs": Object {
        "discounted": 0,
        "extendTotal": 1085,
        "extendUnit": 1085,
        "install": 300,
        "installType": 200,
        "netUnit": 1085,
        "options": 60,
        "trim": 75,
        "window": 450,
      },
      "createdAt": "1528317732135",
      "dims": Object {
        "height": Object {
          "decimal": 52,
          "fraction": "",
          "inch": 52,
          "overSize": null,
          "round": 52,
          "underSize": null,
        },
        "width": Object {
          "decimal": 31,
          "fraction": "",
          "inch": 31,
          "overSize": null,
          "round": 32,
          "underSize": null,
        },
      },
      "jobsheetID": "5b1846d52aac0450227ebfe9",
      "productID": Object {
        "_id": "57855061982d822a04b760a1",
        "name": "Casement Left",
      },
      "qty": 1,
      "rooms": Array [
        "BR",
      ],
      "specs": Object {
        "installType": null,
        "options": "White: Low E & Argon Gas (dark)
Colonial Bars
",
        "overSize": 0,
        "sqft": 12,
        "trim": "B.M. & Interior \\"J\\"
2 3/4\\" F.J. Trim
",
      },
      "updatedAt": "1528317755342",
    },
  },
  "errors": undefined,
  "extensions": undefined,
  "http": Object {
    "headers": Headers {
      Symbol(map): Object {},
    },
  },
}
`;
