// Jest Snapshot v1, https://goo.gl/fbAQLP

exports[`jobSheetOther 1`] = `
Object {
  "data": Object {
    "jobSheetOther": Object {
      "__typename": "JobSheetOther",
      "_id": "5b19e00f2aac04230d7ec012",
      "costs": Object {
        "__typename": "OtherCosts",
        "extendTotal": 255,
        "extendUnit": 255,
      },
      "createdAt": "1528422415342",
      "description": "Cap Garage Frame
Ok",
      "jobsheetID": "5b1846d52aac0450227ebfe9",
      "product": null,
      "qty": 1,
      "rooms": Array [
        "BR",
      ],
      "specs": Object {
        "__typename": "OtherSpecs",
        "location": "Driveway",
        "options": "Pebble Colour",
      },
      "updatedAt": "1582571391922",
    },
  },
  "errors": undefined,
  "extensions": undefined,
  "http": Object {
    "headers": Headers {
      Symbol(map): Object {},
    },
  },
}
`;
