// Jest Snapshot v1, https://goo.gl/fbAQLP

exports[`payments 1`] = `
Object {
  "data": Object {
    "payments": Array [
      Object {
        "_id": "5ceee9a1e43a1300072a49cc",
        "amount": 3750,
        "createdAt": "1559161249050",
        "quoteID": "5cc7a74507651808c8d191c7",
        "type": "check",
        "updatedAt": "1559161249050",
      },
    ],
  },
  "errors": undefined,
  "extensions": undefined,
  "http": Object {
    "headers": Headers {
      Symbol(map): Object {},
    },
  },
}
`;
